// Jest Snapshot v1, https://goo.gl/fbAQLP

exports[`The Presentation component should render correctly 1`] = `null`;
