// Jest Snapshot v1, https://goo.gl/fbAQLP

exports[`The Sessions protected page should render correctly 1`] = `
<div
  className="layout-1"
>
  <main>
    <div
      className="root-17 elevation2-21 rounded-18 paper-2"
    >
      <div
        className="container-44"
      >
        <div
          className="item-45 12-84 breadcrumb-3"
        >
          <nav
            arial-label="Breadcrumb"
            className="root-145 body1-154 colorTextSecondary-178 root-141"
          >
            <ol
              className="ol-142"
            >
              <li
                className="li-143"
              >
                <a
                  aria-current="page"
                  className="root-145 colorInherit-174 inline-180 root-181 underlineHover-183"
                  href="/"
                  onClick={[Function]}
                >
                  Accueil
                </a>
              </li>
              <li
                aria-hidden="true"
                className="root-186 separator-144"
              >
                <svg
                  aria-hidden="true"
                  className="root-187 fontSizeSmall-194"
                  focusable="false"
                  role="presentation"
                  viewBox="0 0 24 24"
                >
                  <path
                    d="M10 6L8.59 7.41 13.17 12l-4.58 4.59L10 18l6-6z"
                  />
                  <path
                    d="M0 0h24v24H0z"
                    fill="none"
                  />
                </svg>
              </li>
              <li
                className="li-143"
              >
                <a
                  aria-current="page"
                  className="root-145 colorInherit-174 inline-180 root-181 underlineHover-183"
                  href="/"
                  onClick={[Function]}
                >
                  Tableau de bord
                </a>
              </li>
              <li
                aria-hidden="true"
                className="root-186 separator-144"
              >
                <svg
                  aria-hidden="true"
                  className="root-187 fontSizeSmall-194"
                  focusable="false"
                  role="presentation"
                  viewBox="0 0 24 24"
                >
                  <path
                    d="M10 6L8.59 7.41 13.17 12l-4.58 4.59L10 18l6-6z"
                  />
                  <path
                    d="M0 0h24v24H0z"
                    fill="none"
                  />
                </svg>
              </li>
              <li
                className="li-143"
              >
                <a
                  aria-current="page"
                  className="root-145 colorInherit-174 inline-180 root-181 underlineHover-183"
                  href="/"
                  onClick={[Function]}
                >
                  Sessions
                </a>
              </li>
            </ol>
          </nav>
        </div>
        <div
          className="item-45 12-84 title-4"
        >
          <h4
            className="root-145 h4-160 gutterBottom-172"
          >
            <div
              className="fab-6"
            >
              <a
                className="root-145 colorPrimary-175 inline-180 root-181 underlineHover-183"
                href="//add"
                onClick={[Function]}
              >
                <button
                  aria-label="Ajouter"
                  className="root-206 root-196 primary-198"
                  disabled={false}
                  onBlur={[Function]}
                  onContextMenu={[Function]}
                  onFocus={[Function]}
                  onKeyDown={[Function]}
                  onKeyUp={[Function]}
                  onMouseDown={[Function]}
                  onMouseLeave={[Function]}
                  onMouseUp={[Function]}
                  onTouchEnd={[Function]}
                  onTouchMove={[Function]}
                  onTouchStart={[Function]}
                  tabIndex="0"
                  type="button"
                >
                  <span
                    className="label-197"
                  >
                    <svg
                      aria-hidden="true"
                      className="root-187"
                      focusable="false"
                      role="presentation"
                      viewBox="0 0 24 24"
                    >
                      <path
                        d="M19 13h-6v6h-2v-6H5v-2h6V5h2v6h6v2z"
                      />
                      <path
                        d="M0 0h24v24H0z"
                        fill="none"
                      />
                    </svg>
                  </span>
                  <span
                    className="root-290"
                  />
                </button>
              </a>
            </div>
            <svg
              aria-hidden="true"
              className="root-187 titleIcon-5"
              focusable="false"
              role="presentation"
              viewBox="0 0 24 24"
            >
              <path
                d="M0 0h24v24H0V0z"
                fill="none"
              />
              <path
                d="M20 6h-8l-2-2H4c-1.1 0-1.99.9-1.99 2L2 18c0 1.1.9 2 2 2h16c1.1 0 2-.9 2-2V8c0-1.1-.9-2-2-2zm0 12H4V8h16v10z"
              />
            </svg>
            Â Sessions
          </h4>
          <hr
            className="root-209"
          />
        </div>
        <div
          className="item-45 12-84"
        >
          <form
            autoComplete="off"
            className="formContainer-12"
            noValidate={true}
            onSubmit={[Function]}
          >
            <div
              className="container-44"
            >
              <div
                className="item-45 grow-7"
              >
                <div
                  className="root-214 marginNormal-215 fullWidth-217"
                >
                  <label
                    className="root-229 root-218 formControl-223 animated-226 outlined-228"
                    data-shrink={false}
                  >
                    Filtrer
                  </label>
                  <div
                    className="root-249 root-236 fullWidth-258 formControl-250"
                    onClick={[Function]}
                  >
                    <fieldset
                      aria-hidden={true}
                      className="root-266 notchedOutline-243"
                      style={
                        Object {
                          "paddingLeft": 8,
                        }
                      }
                    >
                      <legend
                        className="legend-267"
                        style={
                          Object {
                            "width": 0.01,
                          }
                        }
                      >
                        <span
                          dangerouslySetInnerHTML={
                            Object {
                              "__html": "&#8203;",
                            }
                          }
                        />
                      </legend>
                    </fieldset>
                    <input
                      aria-invalid={false}
                      className="input-259 input-244"
                      disabled={false}
                      onBlur={[Function]}
                      onChange={[Function]}
                      onFocus={[Function]}
                      required={false}
                      type="text"
                      value=""
                    />
                  </div>
                </div>
              </div>
              <div
                className="item-45 filterButtonsContainer-13"
              >
                <div
                  className="filterButtons-14"
                >
                  <button
                    className="root-206 root-268"
                    disabled={false}
                    onBlur={[Function]}
                    onContextMenu={[Function]}
                    onFocus={[Function]}
                    onKeyDown={[Function]}
                    onKeyUp={[Function]}
                    onMouseDown={[Function]}
                    onMouseLeave={[Function]}
                    onMouseUp={[Function]}
                    onTouchEnd={[Function]}
                    onTouchMove={[Function]}
                    onTouchStart={[Function]}
                    tabIndex="0"
                    type="submit"
                  >
                    <span
                      className="label-273"
                    >
                      <svg
                        aria-hidden="true"
                        className="root-187"
                        focusable="false"
                        role="presentation"
                        viewBox="0 0 24 24"
                      >
                        <path
                          d="M15.5 14h-.79l-.28-.27C15.41 12.59 16 11.11 16 9.5 16 5.91 13.09 3 9.5 3S3 5.91 3 9.5 5.91 16 9.5 16c1.61 0 3.09-.59 4.23-1.57l.27.28v.79l5 4.99L20.49 19l-4.99-5zm-6 0C7.01 14 5 11.99 5 9.5S7.01 5 9.5 5 14 7.01 14 9.5 11.99 14 9.5 14z"
                        />
                        <path
                          d="M0 0h24v24H0z"
                          fill="none"
                        />
                      </svg>
                    </span>
                    <span
                      className="root-290"
                    />
                  </button>
                  <button
                    className="root-206 root-268"
                    disabled={false}
                    onBlur={[Function]}
                    onClick={[Function]}
                    onContextMenu={[Function]}
                    onFocus={[Function]}
                    onKeyDown={[Function]}
                    onKeyUp={[Function]}
                    onMouseDown={[Function]}
                    onMouseLeave={[Function]}
                    onMouseUp={[Function]}
                    onTouchEnd={[Function]}
                    onTouchMove={[Function]}
                    onTouchStart={[Function]}
                    tabIndex="0"
                    type="button"
                  >
                    <span
                      className="label-273"
                    >
                      <svg
                        aria-hidden="true"
                        className="root-187"
                        focusable="false"
                        role="presentation"
                        viewBox="0 0 24 24"
                      >
                        <path
                          d="M19 6.41L17.59 5 12 10.59 6.41 5 5 6.41 10.59 12 5 17.59 6.41 19 12 13.41 17.59 19 19 17.59 13.41 12z"
                        />
                        <path
                          d="M0 0h24v24H0z"
                          fill="none"
                        />
                      </svg>
                    </span>
                    <span
                      className="root-290"
                    />
                  </button>
                </div>
              </div>
            </div>
          </form>
        </div>
        <div
          className="item-45 12-84"
        >
          <div
            className="container-44 40-70"
          >
            <div
              className="item-45"
            >
              <p
                className="root-145 body1-154 gutterBottom-172"
              >
                Il n'y a pas de session Ã  afficher
              </p>
            </div>
            <div
              className="item-45 12-84 hide-11"
            >
              <p
                className="root-145 body1-154 gutterBottom-172 loadMoreItem-10"
              >
                <a
                  className="root-145 colorPrimary-175 inline-180 root-181 underlineHover-183 loadMoreLink-9"
                  onClick={[Function]}
                >
                  Afficher plus de rÃ©sultats
                </a>
              </p>
            </div>
          </div>
        </div>
      </div>
    </div>
  </main>
</div>
`;
