// Jest Snapshot v1, https://goo.gl/fbAQLP

exports[`The 2019-INGE-01 Board component should render correctly 1`] = `
<svg>
  board.svg
</svg>
`;
