// Jest Snapshot v1, https://goo.gl/fbAQLP

exports[`The LoadingWithAppBar component should render correctly 1`] = `null`;
