// Jest Snapshot v1, https://goo.gl/fbAQLP

exports[`The Contact page should render correctly 1`] = `
<div
  className="layout-1"
>
  <main>
    <div
      className="root-8 elevation2-12 rounded-9 mainFeaturedPost-4"
    >
      <div
        className="container-35"
      >
        <div
          className="item-36 12-75"
        >
          <div
            className="mainFeaturedPostContent-5"
          >
            <h4
              className="root-132 h4-147 colorInherit-161 gutterBottom-159"
            >
              <svg
                aria-hidden="true"
                className="root-168 titleIcon-2"
                focusable="false"
                role="presentation"
                viewBox="0 0 24 24"
              >
                <path
                  d="M0 0h24v24H0V0z"
                  fill="none"
                />
                <g>
                  <path
                    d="M22 6c0-1.1-.9-2-2-2H4c-1.1 0-2 .9-2 2v12c0 1.1.9 2 2 2h16c1.1 0 2-.9 2-2V6zm-2 0l-8 5-8-5h16zm0 12H4V8l8 5 8-5v10z"
                  />
                </g>
              </svg>
              Â Contact
            </h4>
            <form
              autoComplete="off"
              className="formContainer-3"
              noValidate={true}
              onSubmit={[Function]}
            >
              <div
                className="root-177 marginNormal-178 fullWidth-180"
              >
                <label
                  className="root-192 root-181 formControl-186 animated-189 outlined-191"
                  data-shrink={false}
                >
                  Votre email *
                </label>
                <div
                  className="root-212 root-199 fullWidth-221 formControl-213"
                  onClick={[Function]}
                >
                  <fieldset
                    aria-hidden={true}
                    className="root-229 notchedOutline-206"
                    style={
                      Object {
                        "paddingLeft": 8,
                      }
                    }
                  >
                    <legend
                      className="legend-230"
                      style={
                        Object {
                          "width": 0.01,
                        }
                      }
                    >
                      <span
                        dangerouslySetInnerHTML={
                          Object {
                            "__html": "&#8203;",
                          }
                        }
                      />
                    </legend>
                  </fieldset>
                  <input
                    aria-invalid={false}
                    className="input-222 input-207"
                    disabled={false}
                    onBlur={[Function]}
                    onChange={[Function]}
                    onFocus={[Function]}
                    required={false}
                    type="text"
                    value=""
                  />
                </div>
              </div>
              <div
                className="root-177 marginNormal-178 fullWidth-180"
              >
                <label
                  className="root-192 root-181 formControl-186 animated-189 outlined-191"
                  data-shrink={false}
                >
                  Sujet *
                </label>
                <div
                  className="root-212 root-199 fullWidth-221 formControl-213"
                  onClick={[Function]}
                >
                  <fieldset
                    aria-hidden={true}
                    className="root-229 notchedOutline-206"
                    style={
                      Object {
                        "paddingLeft": 8,
                      }
                    }
                  >
                    <legend
                      className="legend-230"
                      style={
                        Object {
                          "width": 0.01,
                        }
                      }
                    >
                      <span
                        dangerouslySetInnerHTML={
                          Object {
                            "__html": "&#8203;",
                          }
                        }
                      />
                    </legend>
                  </fieldset>
                  <input
                    aria-invalid={false}
                    className="input-222 input-207"
                    disabled={false}
                    onBlur={[Function]}
                    onChange={[Function]}
                    onFocus={[Function]}
                    required={false}
                    type="text"
                    value=""
                  />
                </div>
              </div>
              <div
                className="root-177 marginNormal-178 fullWidth-180"
              >
                <label
                  className="root-192 root-181 formControl-186 animated-189 outlined-191"
                  data-shrink={false}
                >
                  Message *
                </label>
                <div
                  className="root-212 root-199 fullWidth-221 formControl-213 multiline-220 multiline-205"
                  onClick={[Function]}
                >
                  <fieldset
                    aria-hidden={true}
                    className="root-229 notchedOutline-206"
                    style={
                      Object {
                        "paddingLeft": 8,
                      }
                    }
                  >
                    <legend
                      className="legend-230"
                      style={
                        Object {
                          "width": 0.01,
                        }
                      }
                    >
                      <span
                        dangerouslySetInnerHTML={
                          Object {
                            "__html": "&#8203;",
                          }
                        }
                      />
                    </legend>
                  </fieldset>
                  <textarea
                    aria-invalid={false}
                    className="input-222 input-207 inputMultiline-224 inputMultiline-209"
                    disabled={false}
                    onBlur={[Function]}
                    onChange={[Function]}
                    onFocus={[Function]}
                    required={false}
                    rows="10"
                    value=""
                  />
                </div>
              </div>
              <button
                className="root-257 root-231 outlined-239 outlinedSecondary-241 button-6"
                disabled={false}
                onBlur={[Function]}
                onContextMenu={[Function]}
                onFocus={[Function]}
                onKeyDown={[Function]}
                onKeyUp={[Function]}
                onMouseDown={[Function]}
                onMouseLeave={[Function]}
                onMouseUp={[Function]}
                onTouchEnd={[Function]}
                onTouchMove={[Function]}
                onTouchStart={[Function]}
                tabIndex="0"
                type="submit"
              >
                <span
                  className="label-232"
                >
                  Envoyer
                </span>
                <span
                  className="root-267"
                />
              </button>
              <button
                className="root-257 root-231 outlined-239 button-6"
                disabled={false}
                onBlur={[Function]}
                onClick={[Function]}
                onContextMenu={[Function]}
                onFocus={[Function]}
                onKeyDown={[Function]}
                onKeyUp={[Function]}
                onMouseDown={[Function]}
                onMouseLeave={[Function]}
                onMouseUp={[Function]}
                onTouchEnd={[Function]}
                onTouchMove={[Function]}
                onTouchStart={[Function]}
                tabIndex="0"
                type="button"
              >
                <span
                  className="label-232"
                >
                  Annuler
                </span>
                <span
                  className="root-267"
                />
              </button>
            </form>
          </div>
        </div>
      </div>
    </div>
  </main>
</div>
`;
