// Jest Snapshot v1, https://goo.gl/fbAQLP

exports[`The Scenarios component should render correctly 1`] = `
<div
  className="layout-1"
>
  <main>
    <div
      className="root-4 elevation2-8 rounded-5 mainFeaturedPost-2"
    >
      <div
        className="container-31"
      >
        <div
          className="item-32 6-93"
        >
          <div
            className="mainFeaturedPostContent-3"
          >
            <h4
              className="root-128 h4-143 colorInherit-157 gutterBottom-155"
            >
              Scenarios : ce contenu est indisponible.
            </h4>
            <h6
              className="root-128 subtitle1-146 colorInherit-157 gutterBottom-155"
            >
              Avez vous consult√© la 
              <a
                aria-current="page"
                className="root-128 colorSecondary-159 inline-163 root-164 underlineHover-166"
                href="/"
                onClick={[Function]}
              >
                page d'accueil
              </a>
               du site ?
            </h6>
          </div>
        </div>
      </div>
    </div>
  </main>
</div>
`;
