// Jest Snapshot v1, https://goo.gl/fbAQLP

exports[`The Loading component should render correctly 1`] = `null`;
